
> buscarinstrutor@0.1.0 build
> next build

  ▲ Next.js 14.2.35
  - Environments: .env.local

   Creating an optimized production build ...
 ✓ Compiled successfully
   Linting and checking validity of types ...
node.exe : 
No linha:1 caractere:1
+ & "C:\Program Files\nodejs/node.exe" "C:\Program Files\nodejs/node_mo ...
+ ~~~~~~~~~~~~~~~~~~~~~~~~~~~~~~~~~~~~~~~~~~~~~~~~~~~~~~~~~~~~~~~~~~~~~
    + CategoryInfo          : NotSpecified: (:String) [], RemoteException
    + FullyQualifiedErrorId : NativeCommandError
 
Failed to compile.

./src/components/layout/Footer.tsx
11:15  Warning: Using `<img>` could result in slower LCP and higher 
bandwidth. Consider using `<Image />` from `next/image` to automatically 
optimize images. This may incur additional usage or cost from your provider. 
See: https://nextjs.org/docs/messages/no-img-element  
@next/next/no-img-element

./src/components/layout/Navbar.tsx
26:13  Warning: Using `<img>` could result in slower LCP and higher 
bandwidth. Consider using `<Image />` from `next/image` to automatically 
optimize images. This may incur additional usage or cost from your provider. 
See: https://nextjs.org/docs/messages/no-img-element  
@next/next/no-img-element

./src/components/pages/AdminPage.tsx
304:29  Warning: Using `<img>` could result in slower LCP and higher 
bandwidth. Consider using `<Image />` from `next/image` to automatically 
optimize images. This may incur additional usage or cost from your provider. 
See: https://nextjs.org/docs/messages/no-img-element  
@next/next/no-img-element
400:17  Warning: Using `<img>` could result in slower LCP and higher 
bandwidth. Consider using `<Image />` from `next/image` to automatically 
optimize images. This may incur additional usage or cost from your provider. 
See: https://nextjs.org/docs/messages/no-img-element  
@next/next/no-img-element

./src/components/pages/AvaliarInstrutorPage.tsx
121:17  Warning: Using `<img>` could result in slower LCP and higher 
bandwidth. Consider using `<Image />` from `next/image` to automatically 
optimize images. This may incur additional usage or cost from your provider. 
See: https://nextjs.org/docs/messages/no-img-element  
@next/next/no-img-element

./src/components/pages/BuscarPage.tsx
292:25  Warning: Using `<img>` could result in slower LCP and higher 
bandwidth. Consider using `<Image />` from `next/image` to automatically 
optimize images. This may incur additional usage or cost from your provider. 
See: https://nextjs.org/docs/messages/no-img-element  
@next/next/no-img-element

./src/components/pages/HomePage.tsx
241:21  Warning: Using `<img>` could result in slower LCP and higher 
bandwidth. Consider using `<Image />` from `next/image` to automatically 
optimize images. This may incur additional usage or cost from your provider. 
See: https://nextjs.org/docs/messages/no-img-element  
@next/next/no-img-element

./src/components/pages/InstrutorPage.tsx
99:15  Warning: Using `<img>` could result in slower LCP and higher 
bandwidth. Consider using `<Image />` from `next/image` to automatically 
optimize images. This may incur additional usage or cost from your provider. 
See: https://nextjs.org/docs/messages/no-img-element  
@next/next/no-img-element

./src/components/pages/PainelInstrutorPage.tsx
82:10  Error: 'planoSelecionado' is assigned a value but never used.  
@typescript-eslint/no-unused-vars
82:28  Error: 'setPlanoSelecionado' is assigned a value but never used.  
@typescript-eslint/no-unused-vars
263:26  Error: 'tipo' is defined but never used.  
@typescript-eslint/no-unused-vars
300:17  Warning: Using `<img>` could result in slower LCP and higher 
bandwidth. Consider using `<Image />` from `next/image` to automatically 
optimize images. This may incur additional usage or cost from your provider. 
See: https://nextjs.org/docs/messages/no-img-element  
@next/next/no-img-element

info  - Need to disable some ESLint rules? Learn more here: 
https://nextjs.org/docs/basic-features/eslint#disabling-rules
